XHCIQUAL 2.1.1.0 (build Oct  6 2026 22:53:44) - USB host controller qualification
Mode: PROBE-ONLY (read-only)
Families: xHCI EHCI OHCI
Found 4 selected USB host controller(s).

==== Controller 0A:00.0 - 1022:43F7 rev 01 ====
  quirks: AMD xHCI 43F7
  PCI: cmd=0006 (MSE=1 BME=1 INTxDis=0)  pin=INTA#  line=IRQ 14
  PCI subsys: 1B21:1142
  PCI caps: PM=1 MSI=1(en=0) MSI-X=1 PCIe=1
  PCI PM: v3  state=D0  D1=0 D2=0  PME_En=0 PME_Status=0
    PME_Support: D0, D3hot, D3cold
    NoSoftRst=1 - keeps state across D3hot->D0
    flags: DSI=1 PMEClk=0  Aux=55mA
    NOTE: DSI set - device-specific init is required after reaching D0.
    raw: PMC=C863 PMCSR=0008
  BAR0: DC300000 64-bit (raw lo=DC300004 hi=00000000)
  HCIVERSION 1.10  CAPLENGTH 32  ContextSize 32  AC64=1  PPC=0
  MaxSlots 127  MaxIntrs 8  MaxPorts 18  Scratchpad 31  PAGESIZE 00000001
  HCCPARAMS2 0000003F  FSC=1 U3C=1 CMC=1
  USBLEGSUP: present
  Protocol USB 3.10 @0820: ports 1-6, slot type 0, PSIC 2
    PSI 00050134  PSIV  4      5 Gb/s  symmetric  PFD 1  LP 0 (SuperSpeed)
    PSI 000A4135  PSIV  5     10 Gb/s  symmetric  PFD 1  LP 1 (SuperSpeedPlus)
  Protocol USB 2.0 @0860: ports 7-18, slot type 0, PSIC 0
  Port map:
    port  1: USB3 companion (unmanaged)
    port  2: USB3 companion (unmanaged)
    port  3: USB3 companion (unmanaged)
    port  4: USB3 companion (unmanaged)
    port  5: USB3 companion (unmanaged)
    port  6: USB3 companion (unmanaged)
    port  7: USB2-only (managed)
    port  8: USB2-only (managed)
    port  9: USB2-only (managed)
    port 10: USB2-only (managed)
    port 11: USB2-only (managed)
    port 12: USB2-only (managed)
    port 13: USB2 companion (managed)
    port 14: USB2 companion (managed)
    port 15: USB2 companion (managed)
    port 16: USB2 companion (managed)
    port 17: USB2 companion (managed)
    port 18: USB2 companion (managed)
  Extended capabilities, raw dwords (xECP 0800):
    cap 0800 ID   1 next   8  USB Legacy Support, 8 dwords
      0800: 00010801 40000000 00000000 00000000
      0810: 00000000 00000000 00000000 00000000
    cap 0820 ID   2 next  16  Supported Protocol, 16 dwords
      0820: 03101002 20425355 20000601 00000000
      0830: 00050134 000A4135 00000000 00000000
      0840: 03100802 20425355 00000402 00000000
      0850: 00000000 00000000 00000000 00000000
    cap 0860 ID   2 next   8  Supported Protocol, 8 dwords
      0860: 02000802 20425355 00190C07 00000000
      0870: 00000000 00000000 00000000 00000000
    cap 0880 ID  10 next   0  USB Debug Capability, 16 dwords
      0880: 0000000A 00000000 00000000 00000000
      0890: 00000000 00000000 00000000 00000000
      08A0: 00000000 00000000 00000080 00000000
      08B0: 00000000 00000000 00000000 00000000
  FACT id=1022:43F7 rev=01 bar=DC300000 irq=14 pin=1 hciver=0110 csz=32 ac64=1 ppc=0 slots=127 intrs=8 ports=18 scratch=31 usb2ports=12 legsup=1 hcc2=0000003F fsc=1

---- Verdict for 1022:43F7 ----
  Probe-only run: no disqualifiers so far. Active tests (C1-C7) NOT run - no qualification verdict.

==== Controller 0D:00.3 - 1022:15B6 rev 00 ====
  quirks: none known for this VID/DID
  PCI: cmd=0007 (MSE=1 BME=1 INTxDis=0)  pin=INTD#  line=IRQ 10
  PCI subsys: 1043:8877
  PCI caps: PM=1 MSI=1(en=0) MSI-X=1 PCIe=1
  PCI PM: v3  state=D0  D1=0 D2=0  PME_En=0 PME_Status=0
    PME_Support: D0, D3hot, D3cold
    NoSoftRst=0 - resets on D3hot->D0; resume must reinitialise
    flags: DSI=0 PMEClk=0  Aux=0mA
    raw: PMC=C803 PMCSR=0000
  BAR0: DC800000 64-bit (raw lo=DC800004 hi=00000000)
  HCIVERSION 1.20  CAPLENGTH 32  ContextSize 64  AC64=1  PPC=0
  MaxSlots 64  MaxIntrs 8  MaxPorts 4  Scratchpad 2  PAGESIZE 00000001
  HCCPARAMS2 0000003F  FSC=1 U3C=1 CMC=1
  USBLEGSUP: present
  Protocol USB 2.0 @0490: ports 1-2, slot type 0, PSIC 0
  Protocol USB 3.10 @04A0: ports 3-3, slot type 0, PSIC 2
    PSI 00050134  PSIV  4      5 Gb/s  symmetric  PFD 1  LP 0 (SuperSpeed)
    PSI 000A4135  PSIV  5     10 Gb/s  symmetric  PFD 1  LP 1 (SuperSpeedPlus)
  Protocol USB 3.10 @04C0: ports 4-4, slot type 0, PSIC 2
    PSI 00050134  PSIV  4      5 Gb/s  symmetric  PFD 1  LP 0 (SuperSpeed)
    PSI 000A4135  PSIV  5     10 Gb/s  symmetric  PFD 1  LP 1 (SuperSpeedPlus)
  Port map:
    port  1: USB2-only (managed)
    port  2: USB2 companion (managed)
    port  3: USB3 companion (unmanaged)
    port  4: USB3 orphan (unmanaged)
  Extended capabilities, raw dwords (xECP 0480):
    cap 0480 ID   1 next   4  USB Legacy Support, 4 dwords
      0480: 00010401 00002001 00000000 00000000
    cap 0490 ID   2 next   4  Supported Protocol, 4 dwords
      0490: 02000402 20425355 00180201 00000000
    cap 04A0 ID   2 next   8  Supported Protocol, 8 dwords
      04A0: 03100802 20425355 20000103 00000000
      04B0: 00050134 000A4135 00000000 00000000
    cap 04C0 ID   2 next   8  Supported Protocol, 8 dwords
      04C0: 03100802 20425355 20000104 00000000
      04D0: 00050134 000A4135 00000000 00000000
    cap 04E0 ID  10 next   0  USB Debug Capability, 16 dwords
      04E0: 000F000A 00000000 00000000 00000000
      04F0: 00000000 00000000 00000000 00000000
      0500: 000F0000 00000000 000000A0 00000000
      0510: 00000000 00000000 00000000 00000000
  FACT id=1022:15B6 rev=00 bar=DC800000 irq=10 pin=4 hciver=0120 csz=64 ac64=1 ppc=0 slots=64 intrs=8 ports=4 scratch=2 usb2ports=2 legsup=1 hcc2=0000003F fsc=1

---- Verdict for 1022:15B6 ----
  Probe-only run: no disqualifiers so far. Active tests (C1-C7) NOT run - no qualification verdict.

==== Controller 0D:00.4 - 1022:15B7 rev 00 ====
  quirks: none known for this VID/DID
  PCI: cmd=0007 (MSE=1 BME=1 INTxDis=0)  pin=INTA#  line=IRQ 15
  PCI subsys: 1043:8877
  PCI caps: PM=1 MSI=1(en=0) MSI-X=1 PCIe=1
  PCI PM: v3  state=D0  D1=0 D2=0  PME_En=0 PME_Status=0
    PME_Support: D0, D3hot, D3cold
    NoSoftRst=0 - resets on D3hot->D0; resume must reinitialise
    flags: DSI=0 PMEClk=0  Aux=0mA
    raw: PMC=C803 PMCSR=0000
  BAR0: DC700000 64-bit (raw lo=DC700004 hi=00000000)
  HCIVERSION 1.20  CAPLENGTH 32  ContextSize 64  AC64=1  PPC=0
  MaxSlots 64  MaxIntrs 8  MaxPorts 4  Scratchpad 2  PAGESIZE 00000001
  HCCPARAMS2 0000003F  FSC=1 U3C=1 CMC=1
  USBLEGSUP: present
  Protocol USB 2.0 @0490: ports 1-2, slot type 0, PSIC 0
  Protocol USB 3.10 @04A0: ports 3-3, slot type 0, PSIC 2
    PSI 00050134  PSIV  4      5 Gb/s  symmetric  PFD 1  LP 0 (SuperSpeed)
    PSI 000A4135  PSIV  5     10 Gb/s  symmetric  PFD 1  LP 1 (SuperSpeedPlus)
  Protocol USB 3.10 @04C0: ports 4-4, slot type 0, PSIC 2
    PSI 00050134  PSIV  4      5 Gb/s  symmetric  PFD 1  LP 0 (SuperSpeed)
    PSI 000A4135  PSIV  5     10 Gb/s  symmetric  PFD 1  LP 1 (SuperSpeedPlus)
  Port map:
    port  1: USB2-only (managed)
    port  2: USB2 companion (managed)
    port  3: USB3 companion (unmanaged)
    port  4: USB3 orphan (unmanaged)
  Extended capabilities, raw dwords (xECP 0480):
    cap 0480 ID   1 next   4  USB Legacy Support, 4 dwords
      0480: 00010401 00002001 00000000 00000000
    cap 0490 ID   2 next   4  Supported Protocol, 4 dwords
      0490: 02000402 20425355 00180201 00000000
    cap 04A0 ID   2 next   8  Supported Protocol, 8 dwords
      04A0: 03100802 20425355 20000103 00000000
      04B0: 00050134 000A4135 00000000 00000000
    cap 04C0 ID   2 next   8  Supported Protocol, 8 dwords
      04C0: 03100802 20425355 20000104 00000000
      04D0: 00050134 000A4135 00000000 00000000
    cap 04E0 ID  10 next   0  USB Debug Capability, 16 dwords
      04E0: 000F000A 00000000 00000000 00000000
      04F0: 00000000 00000000 00000000 00000000
      0500: 000F0000 00000000 000000A0 00000000
      0510: 00000000 00000000 00000000 00000000
  FACT id=1022:15B7 rev=00 bar=DC700000 irq=15 pin=1 hciver=0120 csz=64 ac64=1 ppc=0 slots=64 intrs=8 ports=4 scratch=2 usb2ports=2 legsup=1 hcc2=0000003F fsc=1

---- Verdict for 1022:15B7 ----
  Probe-only run: no disqualifiers so far. Active tests (C1-C7) NOT run - no qualification verdict.

==== Controller 0E:00.0 - 1022:15B8 rev 00 ====
  quirks: none known for this VID/DID
  PCI: cmd=0007 (MSE=1 BME=1 INTxDis=0)  pin=INTA#  line=IRQ 14
  PCI subsys: 1043:8877
  PCI caps: PM=1 MSI=1(en=0) MSI-X=1 PCIe=1
  PCI PM: v3  state=D0  D1=0 D2=0  PME_En=0 PME_Status=0
    PME_Support: D0, D3hot, D3cold
    NoSoftRst=0 - resets on D3hot->D0; resume must reinitialise
    flags: DSI=0 PMEClk=0  Aux=0mA
    raw: PMC=C803 PMCSR=0000
  BAR0: DCB00000 64-bit (raw lo=DCB00004 hi=00000000)
  HCIVERSION 1.20  CAPLENGTH 32  ContextSize 64  AC64=1  PPC=0
  MaxSlots 64  MaxIntrs 8  MaxPorts 1  Scratchpad 2  PAGESIZE 00000001
  HCCPARAMS2 0000003F  FSC=1 U3C=1 CMC=1
  USBLEGSUP: present
  Protocol USB 2.0 @0450: ports 1-1, slot type 0, PSIC 0
  Port map:
    port  1: USB2-only (managed)
  Extended capabilities, raw dwords (xECP 0440):
    cap 0440 ID   1 next   4  USB Legacy Support, 4 dwords
      0440: 00010401 00002001 00000000 00000000
    cap 0450 ID   2 next   4  Supported Protocol, 4 dwords
      0450: 02000402 20425355 00180101 00000000
    cap 0460 ID  10 next   0  USB Debug Capability, 16 dwords
      0460: 000F000A 00000000 00000000 00000000
      0470: 00000000 00000000 00000000 00000000
      0480: 000F0000 00000000 000000A0 00000000
      0490: 00000000 00000000 00000000 00000000
  FACT id=1022:15B8 rev=00 bar=DCB00000 irq=14 pin=1 hciver=0120 csz=64 ac64=1 ppc=0 slots=64 intrs=8 ports=1 scratch=2 usb2ports=1 legsup=1 hcc2=0000003F fsc=1

---- Verdict for 1022:15B8 ----
  Probe-only run: no disqualifiers so far. Active tests (C1-C7) NOT run - no qualification verdict.

Probe safety: PASS - no PCI configuration writes.

Done. Report copied to PROBE.LOG.
