XHCIQUAL 2.1.1.0 (build Oct  6 2026 21:19:06) - Win98/Win2000 USB qualification
Mode: PROBE-ONLY (read-only)
Families: xHCI EHCI OHCI
Found 1 selected USB host controller(s).

==== Controller 00:14.0 - 8086:02ED rev 00 ====
  quirks: none known for this VID/DID
  PCI: cmd=0006 (MSE=1 BME=1 INTxDis=0)  pin=INTA#  line=IRQ 11
  PCI subsys: 17AA:22B1
  PCI caps: PM=1 MSI=1(en=0) MSI-X=0 PCIe=0
  PCI PM: v2  state=D0  D1=0 D2=0  PME_En=0 PME_Status=0
    PME_Support: D3hot, D3cold
    NoSoftRst=1 - keeps state across D3hot->D0
    flags: DSI=0 PMEClk=0  Aux=375mA
    raw: PMC=C1C2 PMCSR=0008
  BAR0: E33A0000 64-bit (raw lo=E33A0004 hi=00000000)
  HCIVERSION 1.10  CAPLENGTH 128  ContextSize 32  AC64=1  PPC=0
  MaxSlots 64  MaxIntrs 8  MaxPorts 18  Scratchpad 34  PAGESIZE 00000001
  HCCPARAMS2 0000007D  FSC=1 U3C=1 CMC=0
  USBLEGSUP: present
  Protocol USB 2.0: ports 1-12, slot type 0, PSIC 3
    PSI 000C0021  PSIV  1     12 Mb/s  symmetric  PFD 0  LP 0
    PSI 05DC0012  PSIV  2   1500 Kb/s  symmetric  PFD 0  LP 0
    PSI 01E00023  PSIV  3    480 Mb/s  symmetric  PFD 0  LP 0
  Protocol USB 3.1: ports 13-18, slot type 0, PSIC 8
    PSI 00050134  PSIV  4      5 Gb/s  symmetric  PFD 1  LP 0 (SuperSpeed)
    PSI 000A0135  PSIV  5     10 Gb/s  symmetric  PFD 1  LP 0 (SuperSpeed)
    PSI 04E00126  PSIV  6   1248 Mb/s  symmetric  PFD 1  LP 0 (SuperSpeed)
    PSI 09C00127  PSIV  7   2496 Mb/s  symmetric  PFD 1  LP 0 (SuperSpeed)
    PSI 13800128  PSIV  8   4992 Mb/s  symmetric  PFD 1  LP 0 (SuperSpeed)
    PSI 05B10129  PSIV  9   1457 Mb/s  symmetric  PFD 1  LP 0 (SuperSpeed)
    PSI 0B63012A  PSIV 10   2915 Mb/s  symmetric  PFD 1  LP 0 (SuperSpeed)
    PSI 16C6012B  PSIV 11   5830 Mb/s  symmetric  PFD 1  LP 0 (SuperSpeed)
  Port map:
    port  1: USB2-only (managed)
    port  2: USB2-only (managed)
    port  3: USB2-only (managed)
    port  4: USB2-only (managed)
    port  5: USB2-only (managed)
    port  6: USB2-only (managed)
    port  7: USB2 companion (managed)
    port  8: USB2 companion (managed)
    port  9: USB2 companion (managed)
    port 10: USB2 companion (managed)
    port 11: USB2 companion (managed)
    port 12: USB2 companion (managed)
    port 13: USB3 companion (unmanaged)
    port 14: USB3 companion (unmanaged)
    port 15: USB3 companion (unmanaged)
    port 16: USB3 companion (unmanaged)
    port 17: USB3 companion (unmanaged)
    port 18: USB3 companion (unmanaged)
  Extended capabilities, raw dwords (xECP 8000):
    cap 8000 ID   2 next   8  Supported Protocol, 8 dwords
      8000: 02000802 20425355 30190C01 00000000
      8010: 000C0021 05DC0012 01E00023 00000000
    cap 8020 ID   2 next  20  Supported Protocol, 20 dwords
      8020: 03011402 20425355 8000060D 00000000
      8030: 00050134 000A0135 04E00126 09C00127
      8040: 13800128 05B10129 0B63012A 16C6012B
      8050: 00000000 00000000 00000000 00000000
      8060: 00000000 00000000 00000000 00000000
    cap 8070 ID 192 next 255  vendor defined, 32 of 255 dwords
      8070: 005CFFC0 00000000 00000000 00000000
      8080: 00000000 00000000 00004000 00000000
      8090: 4C1BD105 00C08140 14003000 00000402
      80A0: 0000380F 492D509C 01555555 00000008
      80B0: 0080037F 00000180 4000000E 0000003F
      80C0: 015FC0F0 004A4008 0000A000 00014080
      80D0: 00032010 00000000 00000000 00000000
      80E0: 8080BCE0 00000000 00800080 18020C01
    cap 846C ID   1 next  34  USB Legacy Support, 32 of 34 dwords
      846C: 00012201 40002000 00000000 00000000
      847C: 00000000 00000000 00000000 00000000
      848C: 00000000 00000000 00000000 00000000
      849C: 00000000 00000000 00000000 00000000
      84AC: 00000000 00000000 00000000 00000000
      84BC: 00000000 00000000 00000000 00000000
      84CC: 00000000 00000000 00000000 00000000
      84DC: 00000000 00000000 00000000 00000000
    cap 84F4 ID 198 next   3  vendor defined, 3 dwords
      84F4: 000003C6 00000000 00000031
    cap 8500 ID 199 next  64  vendor defined, 32 of 64 dwords
      8500: 002740C7 08100004 07185103 D30B2892
      8510: 49140F38 17595513 D71B6996 8A181F79
      8520: 279A5923 DB2BAA9A CB1C2FBA 37DB5D33
      8530: DF3BEB9E 00003FFB 7C6B55D1 00000000
      8540: 00004300 00000001 00000000 00000000
      8550: 00000001 00000000 00000000 00000001
      8560: 00000000 00000000 00000001 00000000
      8570: 00000000 00000001 00000000 00000000
    cap 8600 ID 194 next  64  vendor defined, 32 of 64 dwords
      8600: 000040C2 02900006 0C033000 00800000
      8610: E33A0004 00000000 00000000 00000000
      8620: 00000000 00000000 00000000 22B117AA
      8630: 00000000 00000070 00000000 0000010B
      8640: 803401FD 83FFC68F 00000000 00000000
      8650: 0FDC6D7F 00000000 2A9C1722 00000000
      8660: 00006031 00000000 00000000 00000000
      8670: C1C28001 00000008 00000000 00000000
    cap 8700 ID  10 next  16  USB Debug Capability, 16 dwords
      8700: 0005100A 00000000 00000000 00000000
      8710: 00000000 00000000 00000000 00000000
      8720: 00000000 00000000 00000080 00000000
      8730: 00000000 00000000 80870000 00000000
    cap 8740 ID 195 next  48  vendor defined, 32 of 48 dwords
      8740: 000030C3 0C101105 00000000 00000000
      8750: F8A8008C 0000024C 00000000 00000000
      8760: 0000007D 00000000 00000000 00000000
      8770: 00000000 00000000 00000000 00000000
      8780: 00000000 00000000 00000000 00000000
      8790: 00000000 00000000 00000000 00000000
      87A0: 00000000 00000000 00000000 00000000
      87B0: 00000000 00000000 00000000 00000000
    cap 8800 ID 196 next  64  vendor defined, 32 of 64 dwords
      8800: 000040C4 00010008 82286010 C4881F46
      8810: 40400000 64796464 00000000 00000000
      8820: 00000000 00000000 00000000 00000000
      8830: 00000000 00000000 00000000 00000000
      8840: 00000000 00000000 00000000 00000000
      8850: 00000000 00000000 00000000 00000000
      8860: 00000000 00000000 00000000 00000000
      8870: 00000000 00000000 00000000 00000000
    cap 8900 ID 197 next 255  vendor defined, 17 of 255 dwords
      8900: 0000FFC5 00C00000 00000000 00000000
      8910: 00000000 00000000 00000000 00000000
      8920: 00000000 00000000 00000000 00000000
      8930: 00000000 00000000 00000000 00000000
      8940: 00000000
    (dump bound reached, 32 capabilities / 256 dwords: the rest not recorded)
  FACT id=8086:02ED rev=00 bar=E33A0000 irq=11 pin=1 hciver=0110 csz=32 ac64=1 ppc=0 slots=64 intrs=8 ports=18 scratch=34 usb2ports=12 legsup=1 hcc2=0000007D fsc=1

---- Verdict for 8086:02ED ----
  Probe-only run: no disqualifiers so far. Active tests (C1-C7) NOT run - no qualification verdict.

Probe safety: PASS - no PCI configuration writes.

Done. Report copied to PROBE.LOG.
