XHCIQUAL 2.1.1.0 (build Oct  6 2026 21:19:06) - Win98/Win2000 USB qualification
Mode: PROBE-ONLY (read-only)
Families: xHCI EHCI OHCI
Found 3 selected USB host controller(s).

==== Controller 00:14.0 - 8086:1E31 rev 04 ====
  quirks: Intel Panther Point (7-series PCH)
    - EHCI<->xHCI port mux (XUSB2PR): run C7 before judging dead ports
    - never set BEI in isoch TRBs
  PCI: cmd=0006 (MSE=1 BME=1 INTxDis=0)  pin=INTA#  line=IRQ 11
  PCI subsys: 17AA:5002
  PCI caps: PM=1 MSI=1(en=0) MSI-X=0 PCIe=0
  PCI PM: v2  state=D0  D1=0 D2=0  PME_En=0 PME_Status=0
    PME_Support: D3hot, D3cold
    NoSoftRst=1 - keeps state across D3hot->D0
    flags: DSI=0 PMEClk=0  Aux=375mA
    raw: PMC=C1C2 PMCSR=0008
  BAR0: F0600000 64-bit (raw lo=F0600004 hi=00000000)
  HCIVERSION 1.00  CAPLENGTH 128  ContextSize 32  AC64=1  PPC=0
  MaxSlots 32  MaxIntrs 8  MaxPorts 8  Scratchpad 16  PAGESIZE 00000001
  HCCPARAMS2 00000000  FSC=0 U3C=0 CMC=0  (FSC=0: suspend/resume re-enumerates)
  USBLEGSUP: present
  Protocol USB 2.0: ports 1-4, slot type 0, PSIC 3
    PSI 000C0021  PSIV  1     12 Mb/s  symmetric  PFD 0  LP 0
    PSI 05DC0012  PSIV  2   1500 Kb/s  symmetric  PFD 0  LP 0
    PSI 01E00023  PSIV  3    480 Mb/s  symmetric  PFD 0  LP 0
  Protocol USB 3.0: ports 5-8, slot type 0, PSIC 1
    PSI 00050134  PSIV  4      5 Gb/s  symmetric  PFD 1  LP 0 (SuperSpeed)
  Port map:
    port  1: USB2 companion (managed)
    port  2: USB2 companion (managed)
    port  3: USB2 companion (managed)
    port  4: USB2 companion (managed)
    port  5: USB3 companion (unmanaged)
    port  6: USB3 companion (unmanaged)
    port  7: USB3 companion (unmanaged)
    port  8: USB3 companion (unmanaged)
  Extended capabilities, raw dwords (xECP 8000):
    cap 8000 ID   2 next   8  Supported Protocol, 8 dwords
      8000: 02000802 20425355 30010401 00000000
      8010: 000C0021 05DC0012 01E00023 00000000
    cap 8020 ID   2 next   8  Supported Protocol, 8 dwords
      8020: 03000802 20425355 10000405 00000000
      8030: 00050134 00000000 00000000 00000000
    cap 8040 ID 193 next  12  vendor defined, 12 dwords
      8040: 00000CC1 03FC0000 00000000 003C0000
      8050: 0D48FAF4 00000000 3501AEFC 06860000
      8060: 0020505A 00000000 00000000 00000000
    cap 8070 ID 192 next 176  vendor defined, 32 of 176 dwords
      8070: 0000B0C0 00000000 00000000 00000000
      8080: 00000000 00000000 0000E000 00000000
      8090: 4C13D101 00008100 14003002 00000402
      80A0: 0003F80F 00000000 00000000 00000000
      80B0: 00000000 00000000 00000000 00000000
      80C0: 015FC0F0 004A4008 0001A01F 00014080
      80D0: 00032010 00000000 00000000 00000000
      80E0: 808D9CE0 00000000 00800080 18010C00
    cap 8330 ID   1 next   0  USB Legacy Support, 2 dwords
      8330: 00010001 40002001
  FACT id=8086:1E31 rev=04 bar=F0600000 irq=11 pin=1 hciver=0100 csz=32 ac64=1 ppc=0 slots=32 intrs=8 ports=8 scratch=16 usb2ports=4 legsup=1 hcc2=00000000 fsc=0

---- Verdict for 8086:1E31 ----
  Probe-only run: no disqualifiers so far. Active tests (C1-C7) NOT run - no qualification verdict.

==== EHCI Controller 00:1A.0 - 8086:1E2D rev 04 ====
  PCI: cmd=0006 (MSE=1 BME=1 INTxDis=0) pin=INTA# line=IRQ 11
  PCI subsys: 17AA:5002
  PCI caps: PM=1 MSI=0(en=0) MSI-X=0 PCIe=0
  PCI PM: v2  state=D0  D1=0 D2=0  PME_En=0 PME_Status=0
    PME_Support: D0, D3hot, D3cold
    NoSoftRst=0 - resets on D3hot->D0; resume must reinitialise
    flags: DSI=0 PMEClk=0  Aux=375mA
    raw: PMC=C9C2 PMCSR=0000
  BAR0: F061A000 32-bit (raw lo=F061A000 hi=00000000)
  HCIVERSION 1.00  ports=3 PPC=0 HCSPARAMS=00200003 HCCPARAMS=00036881
  EHCI legacy cap: present
  FACT type=EHCI id=8086:1E2D rev=04 bar=F061A000 irq=11 pin=1 hciver=0100 ports=3 ppc=0

---- Verdict for EHCI 8086:1E2D ----
  Probe-only run: no disqualifiers so far. Active tests NOT run.

==== EHCI Controller 00:1D.0 - 8086:1E26 rev 04 ====
  PCI: cmd=0006 (MSE=1 BME=1 INTxDis=0) pin=INTA# line=IRQ 7
  PCI subsys: 17AA:5002
  PCI caps: PM=1 MSI=0(en=0) MSI-X=0 PCIe=0
  PCI PM: v2  state=D0  D1=0 D2=0  PME_En=0 PME_Status=0
    PME_Support: D0, D3hot, D3cold
    NoSoftRst=0 - resets on D3hot->D0; resume must reinitialise
    flags: DSI=0 PMEClk=0  Aux=375mA
    raw: PMC=C9C2 PMCSR=0000
  BAR0: F0619000 32-bit (raw lo=F0619000 hi=00000000)
  HCIVERSION 1.00  ports=3 PPC=0 HCSPARAMS=00200003 HCCPARAMS=00036881
  EHCI legacy cap: present
  FACT type=EHCI id=8086:1E26 rev=04 bar=F0619000 irq=7 pin=1 hciver=0100 ports=3 ppc=0

---- Verdict for EHCI 8086:1E26 ----
  Probe-only run: no disqualifiers so far. Active tests NOT run.

Probe safety: PASS - no PCI configuration writes.

Done. Report copied to PROBE.LOG.
