Open Watcom Linker Version 2.0 beta Jun  1 2026 05:47:47 (64-bit)
Copyright (c) 2002-2026 The Open Watcom Contributors. All Rights Reserved.
Portions Copyright (c) 1985-2002 Sybase, Inc. All Rights Reserved.
Created on:       26/09/08 01:20:17
Executable Image: xhciqual.exe
creating a DOS/32 Advanced DOS Extender (LE-style) executable


                        +------------+
                        |   Groups   |
                        +------------+

Group                           Address              Size
=====                           =======              ====

DGROUP                          0002:00000000        0002ae60



                        +--------------+
                        |   Segments   |
                        +--------------+

Segment                Class          Group          Address         Size
=======                =====          =====          =======         ====

BEGTEXT                CODE           AUTO           0001:00000000   00000010
_TEXT                  CODE           AUTO           0001:00000010   0000c641
_NULL                  BEGDATA        DGROUP         0002:00000000   00000004
_AFTERNULL             BEGDATA        DGROUP         0002:00000004   00000000
CONST                  DATA           DGROUP         0002:00000004   00006328
CONST2                 DATA           DGROUP         0002:0000632c   00000169
_DATA                  DATA           DGROUP         0002:00006498   00000381
TIB                    DATA           DGROUP         0002:00006819   00000000
TI                     DATA           DGROUP         0002:00006819   00000000
TIE                    DATA           DGROUP         0002:00006819   00000000
XIB                    DATA           DGROUP         0002:0000681a   00000000
XI                     DATA           DGROUP         0002:0000681a   0000001e
XIE                    DATA           DGROUP         0002:00006838   00000000
YIB                    DATA           DGROUP         0002:00006838   00000000
YI                     DATA           DGROUP         0002:00006838   00000018
YIE                    DATA           DGROUP         0002:00006850   00000000
DATA                   DATA           DGROUP         0002:00006850   00000000
_BSS                   BSS            DGROUP         0002:00006850   0001460e
STACK                  STACK          DGROUP         0002:0001ae60   00010000


                        +----------------+
                        |   Memory Map   |
                        +----------------+

* = unreferenced symbol
+ = symbol only referenced locally

Address        Symbol
=======        ======

Module: main.obj(main.obj)
0001:00000a95  main_
Module: pci.obj(pci.obj)
0001:000014a1  pci_read32_
0001:000014bf  pci_read16_
0001:000014f2  pci_read8_
0001:00001524  pci_write32_
0001:0000154e  pci_write16_
0001:0000158d  pci_disable_bus_master_
0001:000015d6  hc_name_
0001:00001636  pci_scan_usb_
0001:000017a2  pci_read_static_
0001:00001a03  pci_recheck_status_
0002:0001ac50  _pci_config_write_count
Module: quirks.obj(quirks.obj)
0001:00001a2f  quirk_find_
Module: xhcicap.obj(xhcicap.obj)
0001:00001a53  dpmi_map_phys_
0001:00001abe  dpmi_unmap_phys_
0001:00001b2e  dos_alloc_
0001:00001ba4  dos_free_last_
0001:00001bcc  dos_free_all_
0001:00001bf4  dos_protect_all_
0001:00001bff  xhci_map_
0001:00001d8d  xhci_read_caps_
0001:000020b1+ xhci_classify_ports_
Module: bringup.obj(bringup.obj)
0001:000021de  msleep_
0001:000021e3* ticks_now_
0001:000021eb* ticks_to_ms_
0001:00002207  dma_alloc_
0001:00002295  portsc_read_
0001:000022a3* portsc_clear_changes_
0001:000022a9+ portsc_write_
0001:000022e7  evt_next_
0001:00002380+ evt_drain_
0001:000023f1  qual_handoff_
0001:00002544  qual_reset_
0001:000028bd  cmd_submit_
0001:00002951  cmd_wait_
0001:000029fd  qual_dma_
0001:00002bec  qual_irq_
0001:00002fd6+ speed_name_
0001:0000311c  speed_class_port_
0001:0000316e  speed_name_port_
0001:00003229  port_is_usb2_
0001:00003245  qual_ports_
0001:00003504  qual_intel_ports_
0001:00003654  qual_cleanup_
Module: devid.obj(devid.obj)
0001:00003c1b  usb_class_name_
0001:0000426f  qual_devid_
Module: legacy.obj(legacy.obj)
0001:00004737  legacy_map_and_read_
0001:00005743  legacy_run_
0001:00005975  legacy_cleanup_
0001:00005c3c  report_legacy_controller_
0001:00005f4f  legacy_final_verdict_
Module: irq.obj(irq.obj)
0002:0001acdc  _irq_isr_state
0001:00006349  irq_line_mask_
0001:000063be  irq_line_restore_
0001:000064c7  irq_install_
0001:00006685  irq_unmask_
0001:000066f6  irq_uninstall_
0001:0000679a  irq_error_step_
0001:000067a0  irq_error_code_
0001:000067a7  irq_elcr_level_
Module: irqasm.obj(irqasm.obj)
0001:000067cf  irq_pm_entry_
0001:000068ac  irq_pm_entry_end_
Module: report.obj(report.obj)
0001:00006907  report_open_
0001:00006956  report_close_
0001:00006971  report_flush_
0001:00006ad6  qprintf_
0001:00006b5d  qlogprintf_
0001:00006be4  report_logging_
0001:00006bfc  verdict_name_
0001:00006d44  report_controller_
0001:000074b5  final_verdict_
Module: mmiodiag.obj(mmiodiag.obj)
0001:0000795b  report_pci_pm_
0001:00007b0b  report_pci_status_
0001:00007c1f  report_mmio_dead_
0001:00007c76  report_mmio_unavailable_
0001:00007d00* quick_classify_mmio_
0001:00007d34  quick_classify_
0001:00007d59  quick_reason_
0001:00007dbf  report_xusb2pr_
Module: C:\WATCOM\lib386\dos\clib3r.lib(_strcmp)
0001:00007e50  strcmp_
Module: C:\WATCOM\lib386\dos\clib3r.lib(strncmp.c)
0001:00007f90  strncmp_
Module: C:\WATCOM\lib386\dos\clib3r.lib(fopen.c)
0001:00007fc0+ __open_flags_
0001:000081b0+ _fsopen_
0001:00008200  fopen_
0001:00008270* freopen_
Module: C:\WATCOM\lib386\dos\clib3r.lib(printf.c)
0001:000082c0  printf_
Module: C:\WATCOM\lib386\dos\clib3r.lib(fclose.c)
0001:000082e0  __doclose_
0001:00008370  __shutdown_stream_
0001:00008390  fclose_
0002:0001ad18+ ___RmTmpFileFn
Module: C:\WATCOM\lib386\dos\clib3r.lib(memset.c)
0001:000083c0  memset_
Module: C:\WATCOM\lib386\dos\clib3r.lib(remove.c)
0001:000083e0  remove_
Module: C:\WATCOM\lib386\dos\clib3r.lib(cstart)
0001:00000003* ___begtext
0002:00000000* __nullarea
0002:0000651c* __D16Infoseg
0002:0000651e  __x386_zero_base_selector
0001:000083e8  _cstart_
0001:000085dd  __exit_
0001:000085e0  __do_exit_with_msg_
0001:000086a8* __GETDS
0001:000086a8  ___GETDSStart_
0001:000086b3  ___GETDSEnd_
Module: C:\WATCOM\lib386\dos\clib3r.lib(argcv.c)
0002:0001ad1c  __argc
0002:0001ad20  __argv
0002:0001ad24  ___argc
0002:0001ad28  ___argv
Module: C:\WATCOM\lib386\dos\clib3r.lib(int386.c)
0001:000086c0  int386_
Module: C:\WATCOM\lib386\dos\clib3r.lib(delay.c)
0001:000086e0  delay_
Module: C:\WATCOM\lib386\dos\clib3r.lib(sprintf.c)
0001:000087c0  sprintf_
Module: C:\WATCOM\lib386\dos\clib3r.lib(kbhit.c)
0001:000087e0  kbhit_
Module: C:\WATCOM\lib386\dos\clib3r.lib(getch.c)
0001:00008800  getch_
Module: C:\WATCOM\lib386\dos\clib3r.lib(iob.c)
0002:00006520  ___iob
0002:0001ad2c  ___OpenStreams
0002:0001ad30  ___ClosedStreams
Module: C:\WATCOM\lib386\dos\clib3r.lib(fflush.c)
0001:00008820  fflush_
Module: C:\WATCOM\lib386\dos\clib3r.lib(fputs.c)
0001:00008830  fputs_
Module: C:\WATCOM\lib386\dos\clib3r.lib(fputc.c)
0001:000088c0  fputc_
Module: C:\WATCOM\lib386\dos\clib3r.lib(_snprint.c)
0001:000089c0  _vsnprintf_
0001:00008a20* _snprintf_
Module: C:\WATCOM\lib386\dos\clib3r.lib(comtflag.c)
0002:00006728  __commode
Module: C:\WATCOM\lib386\dos\clib3r.lib(textmode.c)
0002:0000672c  __fmode
Module: C:\WATCOM\lib386\dos\clib3r.lib(errno.c)
0001:00008a40* __get_errno_ptr_
0002:0001ad34  _errno
Module: C:\WATCOM\lib386\dos\clib3r.lib(tolower.c)
0001:00008a46  tolower_
Module: C:\WATCOM\lib386\dos\clib3r.lib(open.c)
0001:00008cb0* open_
0001:00008ce0  _sopen_
Module: C:\WATCOM\lib386\dos\clib3r.lib(fseek.c)
0001:00008d50  fseek_
Module: C:\WATCOM\lib386\dos\clib3r.lib(chktty.c)
0001:00008e50  __chktty_
Module: C:\WATCOM\lib386\dos\clib3r.lib(freefp.c)
0001:00008e90  __freefp_
0001:00008ec0  __purgefp_
Module: C:\WATCOM\lib386\dos\clib3r.lib(allocfp.c)
0001:00008ef0  __allocfp_
Module: C:\WATCOM\lib386\dos\clib3r.lib(fprtf.c)
0001:00008fc0  __fprtf_
Module: C:\WATCOM\lib386\dos\clib3r.lib(__lseek.c)
0001:00009060  __lseek_
Module: C:\WATCOM\lib386\dos\clib3r.lib(_clse.c)
0001:000090b0  __close_
Module: C:\WATCOM\lib386\dos\clib3r.lib(nfree.c)
0001:00009100  _nfree_
0001:00009100  free_
0002:0001ad38  ___MiniHeapFreeRover
Module: C:\WATCOM\lib386\dos\clib3r.lib(flush.c)
0001:000091e0  __flush_
0001:000091e0* __clib_flush_
Module: C:\WATCOM\lib386\dos\clib3r.lib(__stos)
0001:000092d0  __STOSB
0001:0000930a* __STOSD
Module: C:\WATCOM\lib386\dos\clib3r.lib(unlnk.c)
0001:00009380  unlink_
Module: C:\WATCOM\lib386\dos\clib3r.lib(cmain386.c)
0001:00009390  __CMain
Module: C:\WATCOM\lib386\dos\clib3r.lib(initrtns.c)
0001:000093e0  __InitRtns
0001:00009430  __FiniRtns
Module: C:\WATCOM\lib386\dos\clib3r.lib(dosseg)
0000:00001234  __DOSseg__
Module: C:\WATCOM\lib386\dos\clib3r.lib(crwdata)
0002:0000676a  __osmajor
0002:0000676b  __osminor
0002:00006738  __LpCmdLine
0002:0000673c  __LpPgmName
0002:00006730  __dynend
0002:00006734  __curbrk
0002:00006754  __cbyte
0002:00006758* __cbyte2
0002:0000675c  __child
0002:00006764  __Envptr
0002:00006740  __psp
0002:00006761  __Extender
0002:00006762  __ExtenderSubtype
0002:00006763  __X32VM
0002:00006744* __x386_stacklow
0002:00006744  __STACKLOW
0002:00006748  __STACKTOP
0002:0000674c  __ASTACKSIZ
0002:00006750  __ASTACKPTR
0002:00006760  __no87
0002:0000676c  ___FPE_handler
Module: C:\WATCOM\lib386\dos\clib3r.lib(uselfn.c)
0002:00006770  ___uselfn
Module: C:\WATCOM\lib386\dos\clib3r.lib(initargv.c)
0001:00009640  __Init_Argv_
0001:00009690  __Fini_Argv_
Module: C:\WATCOM\lib386\dos\clib3r.lib(segread.c)
0001:000096a0  segread_
Module: C:\WATCOM\lib386\dos\clib3r.lib(intx386.c)
0001:000096d0  int386x_
Module: C:\WATCOM\lib386\dos\clib3r.lib(vsprintf.c)
0001:00009710  vsprintf_
Module: C:\WATCOM\lib386\dos\clib3r.lib(initfile.c)
0001:00009730  __InitFiles_
Module: C:\WATCOM\lib386\dos\clib3r.lib(ioexit.c)
0001:00009830* fcloseall_
0001:00009840  __full_io_exit_
Module: C:\WATCOM\lib386\dos\clib3r.lib(flushall.c)
0001:00009850* __flushall_
0001:00009890  flushall_
Module: C:\WATCOM\lib386\dos\clib3r.lib(ioalloc.c)
0001:000098a0  __ioalloc_
Module: C:\WATCOM\lib386\dos\clib3r.lib(prtf.c)
0001:0000a4d0  __prtf_
Module: C:\WATCOM\lib386\dos\clib3r.lib(opendos.c)
0001:0000a730  _dos_open_
Module: C:\WATCOM\lib386\dos\clib3r.lib(iomode.c)
0001:0000a750  __GetIOMode_
0001:0000a770  __SetIOMode_
0002:00006774  ___NFiles
0002:00006778  ___init_mode
0002:000067c8  ___io_mode
Module: C:\WATCOM\lib386\dos\clib3r.lib(isatt.c)
0001:0000a790  isatty_
Module: C:\WATCOM\lib386\dos\clib3r.lib(doserrno.c)
0001:0000a7c0* __get_doserrno_ptr_
0002:0001ad40  __doserrno
Module: C:\WATCOM\lib386\dos\clib3r.lib(umaskval.c)
0002:000067cc  ___umaskval
Module: C:\WATCOM\lib386\dos\clib3r.lib(creatdos.c)
0001:0000a7d0  _dos_creat_
0001:0000a7f0* _dos_creatnew_
Module: C:\WATCOM\lib386\dos\clib3r.lib(stiomode.c)
0001:0000a810+ __grow_iomode_
0001:0000a8d0  __SetIOMode_grow_
Module: C:\WATCOM\lib386\dos\clib3r.lib(dosret.c)
0001:0000a930  __set_errno_dos_
0001:0000a9b0* __set_errno_dos_reterr_
Module: C:\WATCOM\lib386\dos\clib3r.lib(lseek.c)
0001:0000a9c0  lseek_
Module: C:\WATCOM\lib386\dos\clib3r.lib(tell.c)
0001:0000a9f0  _tell_
Module: C:\WATCOM\lib386\dos\clib3r.lib(nmalloc.c)
0001:0000aa10  _nmalloc_
0001:0000aa10  malloc_
0002:000067e4  ___nheapbeg
0002:000067e8  ___MiniHeapRover
0002:000067ec  ___LargestSizeB4MiniHeapRover
Module: C:\WATCOM\lib386\dos\clib3r.lib(mem.c)
0001:0000aaf0  __MemAllocator
0001:0000aba0  __MemFree
Module: C:\WATCOM\lib386\dos\clib3r.lib(qwrit.c)
0001:0000ace0  __qwrite_
Module: C:\WATCOM\lib386\dos\clib3r.lib(fsync.c)
0001:0000ad60  fsync_
Module: C:\WATCOM\lib386\dos\clib3r.lib(doserror)
0001:0000ad68  __doserror_
0001:0000ad7b  __doserror1_
Module: C:\WATCOM\lib386\dos\clib3r.lib(cinit.c)
0001:0000ad90  __CommonInit_
Module: C:\WATCOM\lib386\dos\clib3r.lib(___argc.c)
0002:0001ad48  ____Argc
0002:0001ad4c  ____Argv
Module: C:\WATCOM\lib386\dos\clib3r.lib(exit.c)
0001:0000ade0+ __null_int23_exit_
0001:0000ade1  exit_
0001:0000ae0b* _exit_
0002:000067f0+ ___int23_exit
0002:000067f4+ ___FPE_handler_exit
Module: C:\WATCOM\lib386\dos\clib3r.lib(sgdef086)
0002:0000681a  __Start_XI
0002:00006838  __End_XI
0002:00006838  __Start_YI
0002:00006850  __End_YI
Module: C:\WATCOM\lib386\dos\clib3r.lib(memcpy.c)
0001:0000ae20  memcpy_
Module: C:\WATCOM\lib386\dos\clib3r.lib(histsplt.c)
0002:0001ad50  ___historical_splitparms
Module: C:\WATCOM\lib386\dos\clib3r.lib(int386xa)
0001:0000ae50  __int386x_
0001:0000aeb9* _DoINTR_
Module: C:\WATCOM\lib386\dos\clib3r.lib(xmsg.c)
0001:0000b240* __exit_with_msg_
0001:0000b250  __fatal_runtime_error_
Module: C:\WATCOM\lib386\dos\clib3r.lib(wctomb.c)
0001:0000b270  wctomb_
Module: C:\WATCOM\lib386\dos\clib3r.lib(itoa.c)
0001:0000b2a0+ utoa_
0001:0000b2f0  itoa_
Module: C:\WATCOM\lib386\dos\clib3r.lib(strlen.c)
0001:0000b320  strlen_
Module: C:\WATCOM\lib386\dos\clib3r.lib(strupr.c)
0001:0000b340  _strupr_
Module: C:\WATCOM\lib386\dos\clib3r.lib(noefgfmt.c)
0002:000067f8  ___EFG_printf
0002:000067fc* ___EFG_scanf
Module: C:\WATCOM\lib386\dos\clib3r.lib(lltoa.c)
0001:0000b370  ulltoa_
0001:0000b3d0* lltoa_
Module: C:\WATCOM\lib386\dos\clib3r.lib(ltoa.c)
0001:0000b400  ultoa_
0001:0000b450* ltoa_
Module: C:\WATCOM\lib386\dos\clib3r.lib(mbislead.c)
0001:0000b480  _ismbblead_
0002:0001ad54  ___MBCSIsTable
Module: C:\WATCOM\lib386\dos\clib3r.lib(nrealloc.c)
0001:0000b4a0* _nrealloc_
0001:0000b4a0  realloc_
Module: C:\WATCOM\lib386\dos\clib3r.lib(iomodtty.c)
0001:0000b530  __ChkTTYIOMode_
Module: C:\WATCOM\lib386\dos\clib3r.lib(nmemneed.c)
0001:0000b570  __nmemneed_
Module: C:\WATCOM\lib386\dos\clib3r.lib(grownear.c)
0001:0000b600  __ReAllocDPMIBlock_
0001:0000b760+ __LastFree_
0001:0000ba00  __ExpandDGROUP_
Module: C:\WATCOM\lib386\dos\clib3r.lib(filedos.c)
0001:0000bb90* _dos_close_
0001:0000bba0  _dos_commit_
Module: C:\WATCOM\lib386\dos\clib3r.lib(dpmihost.c)
0002:00006800  __DPMI
Module: C:\WATCOM\lib386\dos\clib3r.lib(enterdb.c)
0001:0000bbf0  __EnterWVIDEO_
0002:00006804+ __WD_Present
Module: C:\WATCOM\lib386\dos\clib3r.lib(alphabet.c)
0002:00006470  ___Alphabet
Module: C:\WATCOM\lib386\dos\clib3r.lib(mbinit.c)
0001:0000bc8a  __mbinit_
0002:00006808+ ___MBCodePage
Module: C:\WATCOM\lib386\dos\clib3r.lib(nmsize.c)
0001:0000bd20  _nmsize_
0001:0000bd20* _msize_
Module: C:\WATCOM\lib386\dos\clib3r.lib(nexpand.c)
0001:0000bd30  _nexpand_
0001:0000bd30* _expand_
Module: C:\WATCOM\lib386\dos\clib3r.lib(heapen.c)
0001:0000bda0* _heapenable_
0002:0000680c  ___heap_enabled
Module: C:\WATCOM\lib386\dos\clib3r.lib(nheapmin.c)
0001:0000bdb0* _nheapshrink_
0001:0000bdb0* _heapshrink_
0001:0000be60  __nheapshrink_
Module: C:\WATCOM\lib386\dos\clib3r.lib(nheapunl.c)
0001:0000bf70  __UnlinkNHeap_
Module: C:\WATCOM\lib386\dos\clib3r.lib(minreal.c)
0002:0001ae58  ___minreal
Module: C:\WATCOM\lib386\dos\clib3r.lib(amblksiz.c)
0002:00006810  __amblksiz
Module: C:\WATCOM\lib386\dos\clib3r.lib(sbrk.c)
0001:0000bfd0  __brk_
0001:0000c0b0  sbrk_
Module: C:\WATCOM\lib386\dos\clib3r.lib(mbisdbcs.c)
0002:00006814  ___IsDBCS
Module: C:\WATCOM\lib386\dos\clib3r.lib(getltdos.c)
0001:0000c190  dos_get_dbcs_lead_table_
Module: C:\WATCOM\lib386\dos\clib3r.lib(getcpdos.c)
0001:0000c2c0  dos_get_code_page_
Module: C:\WATCOM\lib386\dos\clib3r.lib(_expand.c)
0001:0000c3a0  __HeapManager_expand_
Module: C:\WATCOM\lib386\dos\clib3r.lib(seterrno.c)
0001:0000c4df  __set_EINVAL_
0001:0000c4ef* __set_EDOM_
0001:0000c4fa* __set_ERANGE_
Module: C:\WATCOM\lib386\dos\clib3r.lib(inirmsel.c)
0002:0001ae5c  __ExtenderRealModeSelector


                        +----------------------+
                        |   Imported Symbols   |
                        +----------------------+

Symbol                              Module
======                              ======



                        +--------------------+
                        |   Libraries Used   |
                        +--------------------+

C:\WATCOM\lib386\dos\clib3r.lib


                        +-----------------------+
                        |   Linker Statistics   |
                        +-----------------------+

Stack size:  00010000 (65536.)
Memory size:  000374b1 (226481.)
Entry point address: 0001:000083e8
Stub file: C:\WATCOM\BINW\dos32a.exe
Link time: 00:00.05
