Open Watcom Linker Version 2.0 beta Jun  1 2026 05:47:47 (64-bit)
Copyright (c) 2002-2026 The Open Watcom Contributors. All Rights Reserved.
Portions Copyright (c) 1985-2002 Sybase, Inc. All Rights Reserved.
Created on:       26/08/30 08:47:28
Executable Image: xhciqual.exe
creating a DOS/32 Advanced DOS Extender (LE-style) executable


                        +------------+
                        |   Groups   |
                        +------------+

Group                           Address              Size
=====                           =======              ====

DGROUP                          0002:00000000        0002ac10



                        +--------------+
                        |   Segments   |
                        +--------------+

Segment                Class          Group          Address         Size
=======                =====          =====          =======         ====

BEGTEXT                CODE           AUTO           0001:00000000   00000010
_TEXT                  CODE           AUTO           0001:00000010   0000c491
_NULL                  BEGDATA        DGROUP         0002:00000000   00000004
_AFTERNULL             BEGDATA        DGROUP         0002:00000004   00000000
CONST                  DATA           DGROUP         0002:00000004   000060dc
CONST2                 DATA           DGROUP         0002:000060e0   00000169
_DATA                  DATA           DGROUP         0002:0000624c   0000037d
TIB                    DATA           DGROUP         0002:000065c9   00000000
TI                     DATA           DGROUP         0002:000065c9   00000000
TIE                    DATA           DGROUP         0002:000065c9   00000000
XIB                    DATA           DGROUP         0002:000065ca   00000000
XI                     DATA           DGROUP         0002:000065ca   0000001e
XIE                    DATA           DGROUP         0002:000065e8   00000000
YIB                    DATA           DGROUP         0002:000065e8   00000000
YI                     DATA           DGROUP         0002:000065e8   00000018
YIE                    DATA           DGROUP         0002:00006600   00000000
DATA                   DATA           DGROUP         0002:00006600   00000000
_BSS                   BSS            DGROUP         0002:00006600   0001460e
STACK                  STACK          DGROUP         0002:0001ac10   00010000


                        +----------------+
                        |   Memory Map   |
                        +----------------+

* = unreferenced symbol
+ = symbol only referenced locally

Address        Symbol
=======        ======

Module: main.obj(main.obj)
0001:00000a4c  main_
Module: pci.obj(pci.obj)
0001:00001458  pci_read32_
0001:00001476  pci_read16_
0001:000014a9  pci_read8_
0001:000014db  pci_write32_
0001:00001505  pci_write16_
0001:00001544  pci_disable_bus_master_
0001:0000158d  hc_name_
0001:000015ed  pci_scan_usb_
0001:00001759  pci_read_static_
0001:00001993  pci_recheck_status_
0002:0001aa00  _pci_config_write_count
Module: quirks.obj(quirks.obj)
0001:000019bf  quirk_find_
Module: xhcicap.obj(xhcicap.obj)
0001:000019e3  dpmi_map_phys_
0001:00001a4e  dpmi_unmap_phys_
0001:00001abe  dos_alloc_
0001:00001b34  dos_free_last_
0001:00001b5c  dos_free_all_
0001:00001b84  dos_protect_all_
0001:00001b8f  xhci_map_
0001:00001d1d  xhci_read_caps_
0001:00002041+ xhci_classify_ports_
Module: bringup.obj(bringup.obj)
0001:0000216e  msleep_
0001:00002173* ticks_now_
0001:0000217b* ticks_to_ms_
0001:00002197  dma_alloc_
0001:00002225  portsc_read_
0001:00002233* portsc_clear_changes_
0001:00002239+ portsc_write_
0001:00002277  evt_next_
0001:00002310+ evt_drain_
0001:00002381  qual_handoff_
0001:000024d4  qual_reset_
0001:0000284d  cmd_submit_
0001:000028e1  cmd_wait_
0001:0000298d  qual_dma_
0001:00002b7c  qual_irq_
0001:00002f66+ speed_name_
0001:000030ac  speed_class_port_
0001:000030fe  speed_name_port_
0001:000031b9  port_is_usb2_
0001:000031d5  qual_ports_
0001:00003494  qual_intel_ports_
0001:000035e4  qual_cleanup_
Module: devid.obj(devid.obj)
0001:00003ba9  usb_class_name_
0001:000041fd  qual_devid_
Module: legacy.obj(legacy.obj)
0001:000046c5  legacy_map_and_read_
0001:00005698  legacy_run_
0001:000058ca  legacy_cleanup_
0001:00005b86  report_legacy_controller_
0001:00005e99  legacy_final_verdict_
Module: irq.obj(irq.obj)
0002:0001aa8c  _irq_isr_state
0001:0000631d  irq_install_
0001:000064db  irq_unmask_
0001:0000654c  irq_uninstall_
0001:000065f0  irq_error_step_
0001:000065f6  irq_error_code_
0001:000065fd  irq_elcr_level_
Module: irqasm.obj(irqasm.obj)
0001:00006625  irq_pm_entry_
0001:00006702  irq_pm_entry_end_
Module: report.obj(report.obj)
0001:0000675d  report_open_
0001:000067ac  report_close_
0001:000067c7  report_flush_
0001:0000692c  qprintf_
0001:000069b3  qlogprintf_
0001:00006a3a  report_logging_
0001:00006a52  verdict_name_
0001:00006b9a  report_controller_
0001:0000730b  final_verdict_
Module: mmiodiag.obj(mmiodiag.obj)
0001:000077ab  report_pci_pm_
0001:0000795b  report_pci_status_
0001:00007a6f  report_mmio_dead_
0001:00007ac6  report_mmio_unavailable_
0001:00007b50* quick_classify_mmio_
0001:00007b84  quick_classify_
0001:00007ba9  quick_reason_
0001:00007c0f  report_xusb2pr_
Module: C:\WATCOM\lib386\dos\clib3r.lib(_strcmp)
0001:00007ca0  strcmp_
Module: C:\WATCOM\lib386\dos\clib3r.lib(strncmp.c)
0001:00007de0  strncmp_
Module: C:\WATCOM\lib386\dos\clib3r.lib(fopen.c)
0001:00007e10+ __open_flags_
0001:00008000+ _fsopen_
0001:00008050  fopen_
0001:000080c0* freopen_
Module: C:\WATCOM\lib386\dos\clib3r.lib(printf.c)
0001:00008110  printf_
Module: C:\WATCOM\lib386\dos\clib3r.lib(fclose.c)
0001:00008130  __doclose_
0001:000081c0  __shutdown_stream_
0001:000081e0  fclose_
0002:0001aac8+ ___RmTmpFileFn
Module: C:\WATCOM\lib386\dos\clib3r.lib(memset.c)
0001:00008210  memset_
Module: C:\WATCOM\lib386\dos\clib3r.lib(remove.c)
0001:00008230  remove_
Module: C:\WATCOM\lib386\dos\clib3r.lib(cstart)
0001:00000003* ___begtext
0002:00000000* __nullarea
0002:000062cc* __D16Infoseg
0002:000062ce  __x386_zero_base_selector
0001:00008238  _cstart_
0001:0000842d  __exit_
0001:00008430  __do_exit_with_msg_
0001:000084f8* __GETDS
0001:000084f8  ___GETDSStart_
0001:00008503  ___GETDSEnd_
Module: C:\WATCOM\lib386\dos\clib3r.lib(argcv.c)
0002:0001aacc  __argc
0002:0001aad0  __argv
0002:0001aad4  ___argc
0002:0001aad8  ___argv
Module: C:\WATCOM\lib386\dos\clib3r.lib(int386.c)
0001:00008510  int386_
Module: C:\WATCOM\lib386\dos\clib3r.lib(delay.c)
0001:00008530  delay_
Module: C:\WATCOM\lib386\dos\clib3r.lib(sprintf.c)
0001:00008610  sprintf_
Module: C:\WATCOM\lib386\dos\clib3r.lib(kbhit.c)
0001:00008630  kbhit_
Module: C:\WATCOM\lib386\dos\clib3r.lib(getch.c)
0001:00008650  getch_
Module: C:\WATCOM\lib386\dos\clib3r.lib(iob.c)
0002:000062d0  ___iob
0002:0001aadc  ___OpenStreams
0002:0001aae0  ___ClosedStreams
Module: C:\WATCOM\lib386\dos\clib3r.lib(fflush.c)
0001:00008670  fflush_
Module: C:\WATCOM\lib386\dos\clib3r.lib(fputs.c)
0001:00008680  fputs_
Module: C:\WATCOM\lib386\dos\clib3r.lib(fputc.c)
0001:00008710  fputc_
Module: C:\WATCOM\lib386\dos\clib3r.lib(_snprint.c)
0001:00008810  _vsnprintf_
0001:00008870* _snprintf_
Module: C:\WATCOM\lib386\dos\clib3r.lib(comtflag.c)
0002:000064d8  __commode
Module: C:\WATCOM\lib386\dos\clib3r.lib(textmode.c)
0002:000064dc  __fmode
Module: C:\WATCOM\lib386\dos\clib3r.lib(errno.c)
0001:00008890* __get_errno_ptr_
0002:0001aae4  _errno
Module: C:\WATCOM\lib386\dos\clib3r.lib(tolower.c)
0001:00008896  tolower_
Module: C:\WATCOM\lib386\dos\clib3r.lib(open.c)
0001:00008b00* open_
0001:00008b30  _sopen_
Module: C:\WATCOM\lib386\dos\clib3r.lib(fseek.c)
0001:00008ba0  fseek_
Module: C:\WATCOM\lib386\dos\clib3r.lib(chktty.c)
0001:00008ca0  __chktty_
Module: C:\WATCOM\lib386\dos\clib3r.lib(freefp.c)
0001:00008ce0  __freefp_
0001:00008d10  __purgefp_
Module: C:\WATCOM\lib386\dos\clib3r.lib(allocfp.c)
0001:00008d40  __allocfp_
Module: C:\WATCOM\lib386\dos\clib3r.lib(fprtf.c)
0001:00008e10  __fprtf_
Module: C:\WATCOM\lib386\dos\clib3r.lib(__lseek.c)
0001:00008eb0  __lseek_
Module: C:\WATCOM\lib386\dos\clib3r.lib(_clse.c)
0001:00008f00  __close_
Module: C:\WATCOM\lib386\dos\clib3r.lib(nfree.c)
0001:00008f50  _nfree_
0001:00008f50  free_
0002:0001aae8  ___MiniHeapFreeRover
Module: C:\WATCOM\lib386\dos\clib3r.lib(flush.c)
0001:00009030  __flush_
0001:00009030* __clib_flush_
Module: C:\WATCOM\lib386\dos\clib3r.lib(__stos)
0001:00009120  __STOSB
0001:0000915a* __STOSD
Module: C:\WATCOM\lib386\dos\clib3r.lib(unlnk.c)
0001:000091d0  unlink_
Module: C:\WATCOM\lib386\dos\clib3r.lib(cmain386.c)
0001:000091e0  __CMain
Module: C:\WATCOM\lib386\dos\clib3r.lib(initrtns.c)
0001:00009230  __InitRtns
0001:00009280  __FiniRtns
Module: C:\WATCOM\lib386\dos\clib3r.lib(dosseg)
0000:00001234  __DOSseg__
Module: C:\WATCOM\lib386\dos\clib3r.lib(crwdata)
0002:0000651a  __osmajor
0002:0000651b  __osminor
0002:000064e8  __LpCmdLine
0002:000064ec  __LpPgmName
0002:000064e0  __dynend
0002:000064e4  __curbrk
0002:00006504  __cbyte
0002:00006508* __cbyte2
0002:0000650c  __child
0002:00006514  __Envptr
0002:000064f0  __psp
0002:00006511  __Extender
0002:00006512  __ExtenderSubtype
0002:00006513  __X32VM
0002:000064f4* __x386_stacklow
0002:000064f4  __STACKLOW
0002:000064f8  __STACKTOP
0002:000064fc  __ASTACKSIZ
0002:00006500  __ASTACKPTR
0002:00006510  __no87
0002:0000651c  ___FPE_handler
Module: C:\WATCOM\lib386\dos\clib3r.lib(uselfn.c)
0002:00006520  ___uselfn
Module: C:\WATCOM\lib386\dos\clib3r.lib(initargv.c)
0001:00009490  __Init_Argv_
0001:000094e0  __Fini_Argv_
Module: C:\WATCOM\lib386\dos\clib3r.lib(segread.c)
0001:000094f0  segread_
Module: C:\WATCOM\lib386\dos\clib3r.lib(intx386.c)
0001:00009520  int386x_
Module: C:\WATCOM\lib386\dos\clib3r.lib(vsprintf.c)
0001:00009560  vsprintf_
Module: C:\WATCOM\lib386\dos\clib3r.lib(initfile.c)
0001:00009580  __InitFiles_
Module: C:\WATCOM\lib386\dos\clib3r.lib(ioexit.c)
0001:00009680* fcloseall_
0001:00009690  __full_io_exit_
Module: C:\WATCOM\lib386\dos\clib3r.lib(flushall.c)
0001:000096a0* __flushall_
0001:000096e0  flushall_
Module: C:\WATCOM\lib386\dos\clib3r.lib(ioalloc.c)
0001:000096f0  __ioalloc_
Module: C:\WATCOM\lib386\dos\clib3r.lib(prtf.c)
0001:0000a320  __prtf_
Module: C:\WATCOM\lib386\dos\clib3r.lib(opendos.c)
0001:0000a580  _dos_open_
Module: C:\WATCOM\lib386\dos\clib3r.lib(iomode.c)
0001:0000a5a0  __GetIOMode_
0001:0000a5c0  __SetIOMode_
0002:00006524  ___NFiles
0002:00006528  ___init_mode
0002:00006578  ___io_mode
Module: C:\WATCOM\lib386\dos\clib3r.lib(isatt.c)
0001:0000a5e0  isatty_
Module: C:\WATCOM\lib386\dos\clib3r.lib(doserrno.c)
0001:0000a610* __get_doserrno_ptr_
0002:0001aaf0  __doserrno
Module: C:\WATCOM\lib386\dos\clib3r.lib(umaskval.c)
0002:0000657c  ___umaskval
Module: C:\WATCOM\lib386\dos\clib3r.lib(creatdos.c)
0001:0000a620  _dos_creat_
0001:0000a640* _dos_creatnew_
Module: C:\WATCOM\lib386\dos\clib3r.lib(stiomode.c)
0001:0000a660+ __grow_iomode_
0001:0000a720  __SetIOMode_grow_
Module: C:\WATCOM\lib386\dos\clib3r.lib(dosret.c)
0001:0000a780  __set_errno_dos_
0001:0000a800* __set_errno_dos_reterr_
Module: C:\WATCOM\lib386\dos\clib3r.lib(lseek.c)
0001:0000a810  lseek_
Module: C:\WATCOM\lib386\dos\clib3r.lib(tell.c)
0001:0000a840  _tell_
Module: C:\WATCOM\lib386\dos\clib3r.lib(nmalloc.c)
0001:0000a860  _nmalloc_
0001:0000a860  malloc_
0002:00006594  ___nheapbeg
0002:00006598  ___MiniHeapRover
0002:0000659c  ___LargestSizeB4MiniHeapRover
Module: C:\WATCOM\lib386\dos\clib3r.lib(mem.c)
0001:0000a940  __MemAllocator
0001:0000a9f0  __MemFree
Module: C:\WATCOM\lib386\dos\clib3r.lib(qwrit.c)
0001:0000ab30  __qwrite_
Module: C:\WATCOM\lib386\dos\clib3r.lib(fsync.c)
0001:0000abb0  fsync_
Module: C:\WATCOM\lib386\dos\clib3r.lib(doserror)
0001:0000abb8  __doserror_
0001:0000abcb  __doserror1_
Module: C:\WATCOM\lib386\dos\clib3r.lib(cinit.c)
0001:0000abe0  __CommonInit_
Module: C:\WATCOM\lib386\dos\clib3r.lib(___argc.c)
0002:0001aaf8  ____Argc
0002:0001aafc  ____Argv
Module: C:\WATCOM\lib386\dos\clib3r.lib(exit.c)
0001:0000ac30+ __null_int23_exit_
0001:0000ac31  exit_
0001:0000ac5b* _exit_
0002:000065a0+ ___int23_exit
0002:000065a4+ ___FPE_handler_exit
Module: C:\WATCOM\lib386\dos\clib3r.lib(sgdef086)
0002:000065ca  __Start_XI
0002:000065e8  __End_XI
0002:000065e8  __Start_YI
0002:00006600  __End_YI
Module: C:\WATCOM\lib386\dos\clib3r.lib(memcpy.c)
0001:0000ac70  memcpy_
Module: C:\WATCOM\lib386\dos\clib3r.lib(histsplt.c)
0002:0001ab00  ___historical_splitparms
Module: C:\WATCOM\lib386\dos\clib3r.lib(int386xa)
0001:0000aca0  __int386x_
0001:0000ad09* _DoINTR_
Module: C:\WATCOM\lib386\dos\clib3r.lib(xmsg.c)
0001:0000b090* __exit_with_msg_
0001:0000b0a0  __fatal_runtime_error_
Module: C:\WATCOM\lib386\dos\clib3r.lib(wctomb.c)
0001:0000b0c0  wctomb_
Module: C:\WATCOM\lib386\dos\clib3r.lib(itoa.c)
0001:0000b0f0+ utoa_
0001:0000b140  itoa_
Module: C:\WATCOM\lib386\dos\clib3r.lib(strlen.c)
0001:0000b170  strlen_
Module: C:\WATCOM\lib386\dos\clib3r.lib(strupr.c)
0001:0000b190  _strupr_
Module: C:\WATCOM\lib386\dos\clib3r.lib(noefgfmt.c)
0002:000065a8  ___EFG_printf
0002:000065ac* ___EFG_scanf
Module: C:\WATCOM\lib386\dos\clib3r.lib(lltoa.c)
0001:0000b1c0  ulltoa_
0001:0000b220* lltoa_
Module: C:\WATCOM\lib386\dos\clib3r.lib(ltoa.c)
0001:0000b250  ultoa_
0001:0000b2a0* ltoa_
Module: C:\WATCOM\lib386\dos\clib3r.lib(mbislead.c)
0001:0000b2d0  _ismbblead_
0002:0001ab04  ___MBCSIsTable
Module: C:\WATCOM\lib386\dos\clib3r.lib(nrealloc.c)
0001:0000b2f0* _nrealloc_
0001:0000b2f0  realloc_
Module: C:\WATCOM\lib386\dos\clib3r.lib(iomodtty.c)
0001:0000b380  __ChkTTYIOMode_
Module: C:\WATCOM\lib386\dos\clib3r.lib(nmemneed.c)
0001:0000b3c0  __nmemneed_
Module: C:\WATCOM\lib386\dos\clib3r.lib(grownear.c)
0001:0000b450  __ReAllocDPMIBlock_
0001:0000b5b0+ __LastFree_
0001:0000b850  __ExpandDGROUP_
Module: C:\WATCOM\lib386\dos\clib3r.lib(filedos.c)
0001:0000b9e0* _dos_close_
0001:0000b9f0  _dos_commit_
Module: C:\WATCOM\lib386\dos\clib3r.lib(dpmihost.c)
0002:000065b0  __DPMI
Module: C:\WATCOM\lib386\dos\clib3r.lib(enterdb.c)
0001:0000ba40  __EnterWVIDEO_
0002:000065b4+ __WD_Present
Module: C:\WATCOM\lib386\dos\clib3r.lib(alphabet.c)
0002:00006224  ___Alphabet
Module: C:\WATCOM\lib386\dos\clib3r.lib(mbinit.c)
0001:0000bada  __mbinit_
0002:000065b8+ ___MBCodePage
Module: C:\WATCOM\lib386\dos\clib3r.lib(nmsize.c)
0001:0000bb70  _nmsize_
0001:0000bb70* _msize_
Module: C:\WATCOM\lib386\dos\clib3r.lib(nexpand.c)
0001:0000bb80  _nexpand_
0001:0000bb80* _expand_
Module: C:\WATCOM\lib386\dos\clib3r.lib(heapen.c)
0001:0000bbf0* _heapenable_
0002:000065bc  ___heap_enabled
Module: C:\WATCOM\lib386\dos\clib3r.lib(nheapmin.c)
0001:0000bc00* _nheapshrink_
0001:0000bc00* _heapshrink_
0001:0000bcb0  __nheapshrink_
Module: C:\WATCOM\lib386\dos\clib3r.lib(nheapunl.c)
0001:0000bdc0  __UnlinkNHeap_
Module: C:\WATCOM\lib386\dos\clib3r.lib(minreal.c)
0002:0001ac08  ___minreal
Module: C:\WATCOM\lib386\dos\clib3r.lib(amblksiz.c)
0002:000065c0  __amblksiz
Module: C:\WATCOM\lib386\dos\clib3r.lib(sbrk.c)
0001:0000be20  __brk_
0001:0000bf00  sbrk_
Module: C:\WATCOM\lib386\dos\clib3r.lib(mbisdbcs.c)
0002:000065c4  ___IsDBCS
Module: C:\WATCOM\lib386\dos\clib3r.lib(getltdos.c)
0001:0000bfe0  dos_get_dbcs_lead_table_
Module: C:\WATCOM\lib386\dos\clib3r.lib(getcpdos.c)
0001:0000c110  dos_get_code_page_
Module: C:\WATCOM\lib386\dos\clib3r.lib(_expand.c)
0001:0000c1f0  __HeapManager_expand_
Module: C:\WATCOM\lib386\dos\clib3r.lib(seterrno.c)
0001:0000c32f  __set_EINVAL_
0001:0000c33f* __set_EDOM_
0001:0000c34a* __set_ERANGE_
Module: C:\WATCOM\lib386\dos\clib3r.lib(inirmsel.c)
0002:0001ac0c  __ExtenderRealModeSelector


                        +----------------------+
                        |   Imported Symbols   |
                        +----------------------+

Symbol                              Module
======                              ======



                        +--------------------+
                        |   Libraries Used   |
                        +--------------------+

C:\WATCOM\lib386\dos\clib3r.lib


                        +-----------------------+
                        |   Linker Statistics   |
                        +-----------------------+

Stack size:  00010000 (65536.)
Memory size:  000370b1 (225457.)
Entry point address: 0001:00008238
Stub file: C:\WATCOM\BINW\dos32a.exe
Link time: 00:00.30
