XHCIQUAL 0.9 (build Jul 25 2026 20:29:27) - Win98/Win2000 USB qualification
Mode: IRQ-SELFTEST (isolated locked one-shot C4)
Families: xHCI
Found 1 selected USB host controller(s).

Running isolated IRQ self-test on xHCI 8086:9D2F...
  C1 handoff: PASS  BIOS released in <= 10 ms
  C2 reset:   PASS  HCRST+CNR in 1 ms
  C3 DMA:     PASS  No-Op completion in 1 ms
  C4 IRQ:     PASS  one-shot ISR fired on IRQ 11 (level per ELCR) (ISR count 1)
  C6 ports:   SKIP  isolated IRQ self-test; C6 not run

==== Controller 00:14.0 - 8086:9D2F rev 21 ====
  quirks: Intel Sunrise Point-LP (100-series)
    - PME wake latch bug (matters on Win2000 power transitions)
  PCI: cmd=0006 (MSE=1 BME=1 INTxDis=0)  pin=INTA#  line=IRQ 11
  PCI subsys: 17AA:5048
  PCI caps: PM=1 MSI=1(en=0) MSI-X=0 PCIe=0
  PCI PM: v2  state=D0  D1=0 D2=0  PME_En=0 PME_Status=0
    PME_Support: D3hot, D3cold
    NoSoftRst=1 - keeps state across D3hot->D0
    flags: DSI=0 PMEClk=0  Aux=375mA
    raw: PMC=C1C2 PMCSR=0008
  BAR0: E1220000 64-bit (raw lo=E1220004 hi=00000000)
  HCIVERSION 1.00  CAPLENGTH 128  ContextSize 32  AC64=1  PPC=0
  MaxSlots 64  MaxIntrs 8  MaxPorts 18  Scratchpad 34  PAGESIZE 00000001
  USBLEGSUP: present
  Protocol USB 2.0: ports 1-12, slot type 0, PSIC 3
  Protocol USB 3.0: ports 13-18, slot type 0, PSIC 3
  Port map:
    port  1: USB2-only (managed)
    port  2: USB2-only (managed)
    port  3: USB2-only (managed)
    port  4: USB2-only (managed)
    port  5: USB2-only (managed)
    port  6: USB2-only (managed)
    port  7: USB2 companion (managed)
    port  8: USB2 companion (managed)
    port  9: USB2 companion (managed)
    port 10: USB2 companion (managed)
    port 11: USB2 companion (managed)
    port 12: USB2 companion (managed)
    port 13: USB3 companion (unmanaged)
    port 14: USB3 companion (unmanaged)
    port 15: USB3 companion (unmanaged)
    port 16: USB3 companion (unmanaged)
    port 17: USB3 companion (unmanaged)
    port 18: USB3 companion (unmanaged)
  --- Tier C results ---
  C1 handoff:  PASS  BIOS released in <= 10 ms
  C2 reset:    PASS  HCRST+CNR in 1 ms
  C3 DMA:      PASS  No-Op completion in 1 ms
  C4 IRQ:      PASS  one-shot ISR fired on IRQ 11 (level per ELCR) (ISR count 1)
  C6 ports:    SKIP  isolated IRQ self-test; C6 not run
  C8 devices:  SKIP  isolated IRQ self-test; C8 not run (informational)
  FACT id=8086:9D2F rev=21 bar=E1220000 irq=11 pin=1 hciver=0100 csz=32 ac64=1 ppc=0 slots=64 intrs=8 ports=18 scratch=34 usb2ports=12 legsup=1

---- Verdict for 8086:9D2F ----
  ==> IRQ SELF-TEST PASS - locked one-shot ISR and teardown completed.
      C6/C8 and the full qualification verdict were not run.

Done. Report copied to XIRQ.LOG.
