XHCIQUAL 2.1.1.0 (build Oct  6 2026 21:19:06) - Win98/Win2000 USB qualification
Mode: PROBE-ONLY (read-only)
Families: xHCI EHCI OHCI
Found 2 selected USB host controller(s).

==== Controller 00:14.0 - 8086:9D2F rev 21 ====
  quirks: Intel Sunrise Point-LP (100-series)
    - never set BEI in isoch TRBs
    - PME wake latch bug (matters on Win2000 power transitions)
  PCI: cmd=0006 (MSE=1 BME=1 INTxDis=0)  pin=INTA#  line=IRQ 11
  PCI subsys: 103C:83B2
  PCI caps: PM=1 MSI=1(en=0) MSI-X=0 PCIe=0
  PCI PM: v2  state=D0  D1=0 D2=0  PME_En=0 PME_Status=0
    PME_Support: D3hot, D3cold
    NoSoftRst=1 - keeps state across D3hot->D0
    flags: DSI=0 PMEClk=0  Aux=375mA
    raw: PMC=C1C2 PMCSR=0008
  BAR0: EA520000 64-bit (raw lo=EA520004 hi=00000000)
  HCIVERSION 1.00  CAPLENGTH 128  ContextSize 32  AC64=1  PPC=0
  MaxSlots 64  MaxIntrs 8  MaxPorts 18  Scratchpad 34  PAGESIZE 00000001
  HCCPARAMS2 00000000  FSC=0 U3C=0 CMC=0  (FSC=0: suspend/resume re-enumerates)
  USBLEGSUP: present
  Protocol USB 2.0: ports 1-12, slot type 0, PSIC 3
    PSI 000C0021  PSIV  1     12 Mb/s  symmetric  PFD 0  LP 0
    PSI 05DC0012  PSIV  2   1500 Kb/s  symmetric  PFD 0  LP 0
    PSI 01E00023  PSIV  3    480 Mb/s  symmetric  PFD 0  LP 0
  Protocol USB 3.0: ports 13-18, slot type 0, PSIC 3
    PSI 04E00121  PSIV  1   1248 Mb/s  symmetric  PFD 1  LP 0 (SuperSpeed)
    PSI 09C00122  PSIV  2   2496 Mb/s  symmetric  PFD 1  LP 0 (SuperSpeed)
    PSI 13800123  PSIV  3   4992 Mb/s  symmetric  PFD 1  LP 0 (SuperSpeed)
  WARNING: USB 3 PSI table does not list PSIV 4 (default SuperSpeed). If
    PORTSC reports ID 4 for a 5 Gb/s device, as Sunrise Point does, a driver
    that trusts the table strictly cannot decode it (issue 11)
  Port map:
    port  1: USB2-only (managed)
    port  2: USB2-only (managed)
    port  3: USB2-only (managed)
    port  4: USB2-only (managed)
    port  5: USB2-only (managed)
    port  6: USB2-only (managed)
    port  7: USB2 companion (managed)
    port  8: USB2 companion (managed)
    port  9: USB2 companion (managed)
    port 10: USB2 companion (managed)
    port 11: USB2 companion (managed)
    port 12: USB2 companion (managed)
    port 13: USB3 companion (unmanaged)
    port 14: USB3 companion (unmanaged)
    port 15: USB3 companion (unmanaged)
    port 16: USB3 companion (unmanaged)
    port 17: USB3 companion (unmanaged)
    port 18: USB3 companion (unmanaged)
  Extended capabilities, raw dwords (xECP 8000):
    cap 8000 ID   2 next   8  Supported Protocol, 8 dwords
      8000: 02000802 20425355 30110C01 00000000
      8010: 000C0021 05DC0012 01E00023 00000000
    cap 8020 ID   2 next  20  Supported Protocol, 20 dwords
      8020: 03001402 20425355 3000060D 00000000
      8030: 04E00121 09C00122 13800123 00050134
      8040: 05B10125 0B630126 16C60127 00000000
      8050: 00000000 00000000 00000000 00000000
      8060: 00000000 00000000 00000000 00000000
    cap 8070 ID 192 next 255  vendor defined, 32 of 255 dwords
      8070: 004DFFC0 00000000 00000000 00000000
      8080: 00000000 00000000 0000C000 00000000
      8090: 4C1BD105 00C08140 14003002 00000402
      80A0: 0000380F 49ACFF9C 01315555 00000008
      80B0: 0080037F 00000000 0000003F 0000003F
      80C0: 015FC0F0 004A4008 0000A000 00014080
      80D0: 00032010 00000000 00200800 20000000
      80E0: 808CBCE0 00000000 00800080 180B0C01
    cap 846C ID   1 next  34  USB Legacy Support, 32 of 34 dwords
      846C: 00012201 00012000 00000000 00000000
      847C: 00000000 00000000 00000000 00000000
      848C: 00000000 00000000 00000000 00000000
      849C: 00000000 00000000 00000000 00000000
      84AC: 00000000 00000000 00000000 00000000
      84BC: 00000000 00000000 00000000 00000000
      84CC: 00000000 00000000 00000000 00000000
      84DC: 00000000 00000000 00000000 00000000
    cap 84F4 ID 198 next   3  vendor defined, 3 dwords
      84F4: 000003C6 00000004 00000034
    cap 8500 ID 199 next  64  vendor defined, 32 of 64 dwords
      8500: 002740C7 08100004 07185103 D30B2892
      8510: 49140F38 17595513 D71B6996 8A181F79
      8520: 279A5923 DB2BAA9A CB1C2FBA 37DB5D33
      8530: DF3BEB9E 00003FFB A75FC9B1 00000000
      8540: 0000B100 00000001 00000000 00000000
      8550: 00000001 00000000 00000000 00000001
      8560: 00000000 00000000 00000001 00000000
      8570: 00000000 00000001 00000000 00000000
    cap 8600 ID 194 next  64  vendor defined, 32 of 64 dwords
      8600: 000040C2 02900006 0C033021 00800000
      8610: EA520004 00000000 00000000 00000000
      8620: 00000000 00000000 00000000 83B2103C
      8630: 00000000 00000070 00000000 0000010B
      8640: 803401FD 800FC688 00000000 00000000
      8650: 0FCE6E5B 00000000 00000000 00000000
      8660: 00006030 00000000 00000000 00000000
      8670: C1C28001 00000008 00000000 00000000
    cap 8700 ID  10 next  16  USB Debug Capability, 16 dwords
      8700: 0005100A 00000000 00000000 00000000
      8710: 00000000 00000000 00000000 00000000
      8720: 00000000 00000000 00000080 00000000
      8730: 00000000 00000000 80870000 00000000
    cap 8740 ID 195 next  48  vendor defined, 32 of 48 dwords
      8740: 000030C3 0C101105 00000000 00000000
      8750: F8A8008C 0000004C 00000000 00000000
      8760: 00000001 00000000 00000000 00000000
      8770: 00000000 00000000 00000000 00000000
      8780: 00000000 00000000 00000000 00000000
      8790: 00000000 00000000 00000000 00000000
      87A0: 00000000 00000000 00000000 00000000
      87B0: 00000000 00000000 00000000 00000000
    cap 8800 ID 196 next  64  vendor defined, 32 of 64 dwords
      8800: 000040C4 00000008 82286010 C4821F46
      8810: 40400000 64796464 00000000 00000000
      8820: 00000000 00000000 00000000 00000000
      8830: 00000000 00000000 82286010 C4821F46
      8840: 40400000 64796464 00000000 00000000
      8850: 00000000 00000000 00000000 00000000
      8860: 00000000 00000000 00000000 00000000
      8870: 00000000 00000000 00000000 00000000
    cap 8900 ID 197 next   0  vendor defined, 4 dwords
      8900: 000000C5 02C00000 00000000 00000000
  FACT id=8086:9D2F rev=21 bar=EA520000 irq=11 pin=1 hciver=0100 csz=32 ac64=1 ppc=0 slots=64 intrs=8 ports=18 scratch=34 usb2ports=12 legsup=1 hcc2=00000000 fsc=0

---- Verdict for 8086:9D2F ----
  Probe-only run: no disqualifiers so far. Active tests (C1-C7) NOT run - no qualification verdict.

==== Controller 3B:00.0 - 8086:15DB rev 02 ====
  quirks: none known for this VID/DID
  PCI: cmd=0007 (MSE=1 BME=1 INTxDis=0)  pin=INTA#  line=IRQ 11
  PCI subsys: 8086:0000
  PCI caps: PM=1 MSI=1(en=0) MSI-X=0 PCIe=1
  PCI PM: v3  state=D0  D1=1 D2=1  PME_En=0 PME_Status=0
    PME_Support: D0, D1, D2, D3hot, D3cold
    NoSoftRst=0 - resets on D3hot->D0; resume must reinitialise
    flags: DSI=0 PMEClk=0  Aux=375mA
    raw: PMC=FFC3 PMCSR=0000
  BAR0: E9F00000 32-bit (raw lo=E9F00000 hi=00000000)
  HCIVERSION 1.10  CAPLENGTH 128  ContextSize 32  AC64=1  PPC=0
  MaxSlots 64  MaxIntrs 8  MaxPorts 4  Scratchpad 34  PAGESIZE 00000001
  HCCPARAMS2 0000007C  FSC=1 U3C=0 CMC=0
  USBLEGSUP: present
  Protocol USB 2.0: ports 1-2, slot type 0, PSIC 3
    PSI 000C0021  PSIV  1     12 Mb/s  symmetric  PFD 0  LP 0
    PSI 05DC0012  PSIV  2   1500 Kb/s  symmetric  PFD 0  LP 0
    PSI 01E00023  PSIV  3    480 Mb/s  symmetric  PFD 0  LP 0
  Protocol USB 3.1: ports 3-4, slot type 0, PSIC 2
    PSI 00050134  PSIV  4      5 Gb/s  symmetric  PFD 1  LP 0 (SuperSpeed)
    PSI 000A4135  PSIV  5     10 Gb/s  symmetric  PFD 1  LP 1 (SuperSpeedPlus)
  Port map:
    port  1: USB2 companion (managed)
    port  2: USB2 companion (managed)
    port  3: USB3 companion (unmanaged)
    port  4: USB3 companion (unmanaged)
  Extended capabilities, raw dwords (xECP 8000):
    cap 8000 ID   2 next  28  Supported Protocol, 28 dwords
      8000: 02001C02 20425355 30190201 00000000
      8010: 000C0021 05DC0012 01E00023 00000000
      8020: 03001402 20425355 20000203 00000000
      8030: 04E00121 09C00122 13800123 00050134
      8040: 05B10125 0B630126 16C60127 00000000
      8050: 00000000 00000000 00000000 00000000
      8060: 00000000 00000000 00000000 00000000
    cap 8070 ID 192 next 255  vendor defined, 32 of 255 dwords
      8070: 005BFFC0 00000000 00000000 00000000
      8080: 00000000 00000000 0000E000 00000000
      8090: 4C1BD105 00C08140 14003000 00000402
      80A0: 0000380F 4BEDFF94 01315555 00000008
      80B0: 0080037F 00000004 40000003 00000003
      80C0: 015FC0F0 004A4008 0001A01F 00014080
      80D0: 00032010 00000000 00000000 00000000
      80E0: 888CBCE0 00000000 00800080 18030C00
    cap 846C ID   1 next  34  USB Legacy Support, 32 of 34 dwords
      846C: 01002201 40000000 00000000 00000000
      847C: 00000000 00000000 00000000 00000000
      848C: 00000000 00000000 00000000 00000000
      849C: 00000000 00000000 00000000 00000000
      84AC: 00000000 00000000 00000000 00000000
      84BC: 00000000 00000000 00000000 00000000
      84CC: 00000000 00000000 00000000 00000000
      84DC: 00000000 00000000 00000000 00000000
    cap 84F4 ID 198 next   3  vendor defined, 3 dwords
      84F4: 000003C6 00000000 00000000
    cap 8500 ID 199 next  64  vendor defined, 32 of 64 dwords
      8500: 002740C7 08100000 07185103 D30B2892
      8510: 49140F38 17595513 D71B6996 8A181F79
      8520: 279A5923 DB2BAA9A CB1C2FBA 37DB5D33
      8530: DF3BEB9E 00003FFB A75B34C1 00000000
      8540: 00020000 00000001 00000000 00000000
      8550: 00000001 00000000 00000000 00000001
      8560: 00000000 00000000 00000001 00000000
      8570: 00000000 00000001 00000000 00000000
    cap 8600 ID 194 next  64  vendor defined, 32 of 64 dwords
      8600: 000040C2 02900000 0C033000 00000000
      8610: 00000004 00000000 00000000 00000000
      8620: 00000000 00000000 00000000 00000000
      8630: 00000000 00000070 00000000 00000000
      8640: 800001FD 801FC68B 00000000 00000000
      8650: 03DE6D5F 00000000 00000000 00000000
      8660: 00006030 00000000 00000000 00000000
      8670: C1C28001 00000008 00000000 00000000
    cap 8700 ID  10 next  16  USB Debug Capability, 16 dwords
      8700: 0005100A 00000000 00000000 00000000
      8710: 00000000 00000000 00000000 00000000
      8720: 00000000 00000000 00000080 00000000
      8730: 00000000 00000000 80870000 00000000
    cap 8740 ID 195 next  48  vendor defined, 32 of 48 dwords
      8740: 000030C3 0C101105 00000000 00000000
      8750: F8A8008C 0000004C 00000000 00000000
      8760: 00000000 00000000 00000000 00000000
      8770: 00000000 00000000 00000000 00000000
      8780: 00000000 00000000 00000000 00000000
      8790: 00000000 00000000 00000000 00000000
      87A0: 00000000 00000000 00000000 00000000
      87B0: 00000000 00000000 00000000 00000000
    cap 8800 ID 196 next  64  vendor defined, 32 of 64 dwords
      8800: 000040C4 00000000 00000000 00000000
      8810: 00000000 00000000 00000000 00000000
      8820: 00000000 00000000 00000000 00000000
      8830: 00000000 00000000 00000000 00000000
      8840: 00000000 00000000 00000000 00000000
      8850: 00000000 00000000 00000000 00000000
      8860: 00000000 00000000 00000000 00000000
      8870: 00000000 00000000 00000000 00000000
    cap 8900 ID 197 next 255  vendor defined, 17 of 255 dwords
      8900: 0000FFC5 00000000 00000000 00000000
      8910: 00000000 00000000 00000000 00000000
      8920: 00000000 00000000 00000000 00000000
      8930: 00000000 00000000 00000000 00000000
      8940: 00000000
    (dump bound reached, 32 capabilities / 256 dwords: the rest not recorded)
  FACT id=8086:15DB rev=02 bar=E9F00000 irq=11 pin=1 hciver=0110 csz=32 ac64=1 ppc=0 slots=64 intrs=8 ports=4 scratch=34 usb2ports=2 legsup=1 hcc2=0000007C fsc=1

---- Verdict for 8086:15DB ----
  Probe-only run: no disqualifiers so far. Active tests (C1-C7) NOT run - no qualification verdict.

Probe safety: PASS - no PCI configuration writes.

Done. Report copied to PROBE.LOG.
